---
source: crates/isobmff/src/conformance_tests.rs
expression: redeserialized_file
snapshot_kind: text
---
IsobmffFile {
    ftyp: Some(
        FileTypeBox {
            major_brand: Brand([118, 115, 109, 49]),
            minor_version: 0,
            compatible_brands: [
                Brand([109, 112, 52, 50]),
                Brand::IsoM,
                Brand([118, 115, 109, 49]),
            ],
        },
    ),
    etyp: [],
    otyp: [],
    pdin: None,
    moov: Some(
        MovieBox {
            mvhd: MovieHeaderBox {
                full_header: FullBoxHeader {
                    version: 0,
                    flags: U24Be(
                        0,
                    ),
                },
                creation_time: 3329185361,
                modification_time: 3329185361,
                timescale: 600,
                duration: 5952,
                rate: 1,
                volume: 1,
                reserved1: 0,
                reserved2: 0,
                matrix: [
                    65536,
                    0,
                    0,
                    0,
                    65536,
                    0,
                    0,
                    0,
                    1073741824,
                ],
                pre_defined: [
                    0,
                    0,
                    0,
                    0,
                    0,
                    0,
                ],
                next_track_id: 3,
            },
            meta: None,
            trak: [
                TrackBox {
                    tkhd: TrackHeaderBox {
                        version: 0,
                        flags: TrackHeaderBoxFlags(
                            TrackEnabled | TrackInMovie | TrackInPreview,
                        ),
                        creation_time: 3329185361,
                        modification_time: 3329185361,
                        track_id: 1,
                        reserved1: 0,
                        duration: 5952,
                        reserved2: 0,
                        layer: 0,
                        alternate_group: 0,
                        volume: 0,
                        reserved3: 0,
                        matrix: [
                            65536,
                            0,
                            0,
                            0,
                            65536,
                            0,
                            0,
                            0,
                            1073741824,
                        ],
                        width: 0,
                        height: 0,
                    },
                    tref: Some(
                        TrackReferenceBox {
                            track_reference_type: [
                                UnknownBox {
                                    header: BoxHeader {
                                        size: Short(
                                            12,
                                        ),
                                        box_type: FourCc(
                                            "vsmd",
                                        ),
                                    },
                                    data.len: 4,
                                },
                            ],
                        },
                    ),
                    trgr: None,
                    edts: None,
                    ttyp: None,
                    meta: Some(
                        MetaBox {
                            full_header: FullBoxHeader {
                                version: 0,
                                flags: U24Be(
                                    0,
                                ),
                            },
                            hdlr: HandlerBox {
                                full_header: FullBoxHeader {
                                    version: 0,
                                    flags: U24Be(
                                        0,
                                    ),
                                },
                                pre_defined: 0,
                                handler_type: HandlerType::Metadata,
                                reserved: [
                                    0,
                                    0,
                                    0,
                                ],
                                name: Utf8String(
                                    "meta",
                                ),
                            },
                            dinf: None,
                            iloc: None,
                            ipro: None,
                            iinf: None,
                            xml: None,
                            bxml: None,
                            pitm: None,
                            fiin: None,
                            idat: None,
                            iref: None,
                            iprp: None,
                            grpl: None,
                            unknown_boxes: [
                                UnknownBox {
                                    header: BoxHeader {
                                        size: Short(
                                            24,
                                        ),
                                        box_type: FourCc(
                                            "cami",
                                        ),
                                    },
                                    data.len: 16,
                                },
                            ],
                        },
                    ),
                    mdia: MediaBox {
                        mdhd: MediaHeaderBox {
                            full_header: FullBoxHeader {
                                version: 0,
                                flags: U24Be(
                                    0,
                                ),
                            },
                            creation_time: 3329185361,
                            modification_time: 3329185361,
                            timescale: 90000,
                            duration: 892800,
                            language: Langauge(
                                [
                                    21,
                                    14,
                                    4,
                                ],
                            ),
                            pre_defined: 0,
                        },
                        hdlr: HandlerBox {
                            full_header: FullBoxHeader {
                                version: 0,
                                flags: U24Be(
                                    0,
                                ),
                            },
                            pre_defined: 0,
                            handler_type: HandlerType::Video,
                            reserved: [
                                0,
                                0,
                                0,
                            ],
                            name: Utf8String(
                                "vide",
                            ),
                        },
                        elng: None,
                        minf: MediaInformationBox {
                            vmhd: Some(
                                VideoMediaHeaderBox {
                                    full_header: FullBoxHeader {
                                        version: 0,
                                        flags: U24Be(
                                            1,
                                        ),
                                    },
                                    graphicsmode: 0,
                                    opcolor: [
                                        0,
                                        0,
                                        0,
                                    ],
                                },
                            ),
                            smhd: None,
                            hmhd: None,
                            sthd: None,
                            vvhd: None,
                            unknown_boxes: [],
                            dinf: DataInformationBox {
                                dref: DataReferenceBox {
                                    full_header: FullBoxHeader {
                                        version: 0,
                                        flags: U24Be(
                                            0,
                                        ),
                                    },
                                    entry_count: 1,
                                    url: [
                                        DataEntryUrlBox {
                                            full_header: FullBoxHeader {
                                                version: 0,
                                                flags: U24Be(
                                                    1,
                                                ),
                                            },
                                            location: None,
                                        },
                                    ],
                                    urn: [],
                                    imda: [],
                                    snim: [],
                                    unknown_boxes: [],
                                },
                            },
                            stbl: SampleTableBox {
                                stsd: SampleDescriptionBox {
                                    full_header: FullBoxHeader {
                                        version: 0,
                                        flags: U24Be(
                                            0,
                                        ),
                                    },
                                    entry_count: 1,
                                    boxes: [
                                        UnknownBox {
                                            header: BoxHeader {
                                                size: Short(
                                                    119,
                                                ),
                                                box_type: FourCc(
                                                    "avc1",
                                                ),
                                            },
                                            data.len: 111,
                                        },
                                    ],
                                },
                                stts: TimeToSampleBox {
                                    full_header: FullBoxHeader {
                                        version: 0,
                                        flags: U24Be(
                                            0,
                                        ),
                                    },
                                    entry_count: 1,
                                    entries: [
                                        TimeToSampleBoxEntry {
                                            sample_count: 248,
                                            sample_delta: 3600,
                                        },
                                    ],
                                },
                                ctts: Some(
                                    CompositionOffsetBox {
                                        full_header: FullBoxHeader {
                                            version: 0,
                                            flags: U24Be(
                                                0,
                                            ),
                                        },
                                        entry_count: 1,
                                        entries.len: 1,
                                    },
                                ),
                                cslg: None,
                                stsc: SampleToChunkBox {
                                    full_header: FullBoxHeader {
                                        version: 0,
                                        flags: U24Be(
                                            0,
                                        ),
                                    },
                                    entry_count: 2,
                                    entries.len: 2,
                                },
                                stsz: Some(
                                    SampleSizeBox {
                                        full_header: FullBoxHeader {
                                            version: 0,
                                            flags: U24Be(
                                                0,
                                            ),
                                        },
                                        sample_size: 0,
                                        sample_count: 248,
                                        entry_size.len: 248,
                                    },
                                ),
                                stz2: None,
                                stco: Some(
                                    ChunkOffsetBox {
                                        full_header: FullBoxHeader {
                                            version: 0,
                                            flags: U24Be(
                                                0,
                                            ),
                                        },
                                        entry_count: 9,
                                        chunk_offset.len: 9,
                                    },
                                ),
                                co64: None,
                                stss: Some(
                                    SyncSampleBox {
                                        full_header: FullBoxHeader {
                                            version: 0,
                                            flags: U24Be(
                                                0,
                                            ),
                                        },
                                        entry_count: 1,
                                        sample_number: [
                                            1,
                                        ],
                                    },
                                ),
                                stsh: None,
                                padb: None,
                                stdp: None,
                                sdtp: None,
                                sbgp: [],
                                sgpd: [],
                                subs: [],
                                saiz: [],
                                saio: [],
                                csgp: [],
                            },
                        },
                        unknown_boxes: [],
                    },
                    unknown_boxes: [],
                    udta: None,
                },
                TrackBox {
                    tkhd: TrackHeaderBox {
                        version: 0,
                        flags: TrackHeaderBoxFlags(
                            TrackEnabled | TrackInMovie | TrackInPreview,
                        ),
                        creation_time: 3329185361,
                        modification_time: 3329185361,
                        track_id: 2,
                        reserved1: 0,
                        duration: 5952,
                        reserved2: 0,
                        layer: 0,
                        alternate_group: 0,
                        volume: 0,
                        reserved3: 0,
                        matrix: [
                            65536,
                            0,
                            0,
                            0,
                            65536,
                            0,
                            0,
                            0,
                            1073741824,
                        ],
                        width: 0,
                        height: 0,
                    },
                    tref: None,
                    trgr: None,
                    edts: None,
                    ttyp: None,
                    meta: Some(
                        MetaBox {
                            full_header: FullBoxHeader {
                                version: 0,
                                flags: U24Be(
                                    0,
                                ),
                            },
                            hdlr: HandlerBox {
                                full_header: FullBoxHeader {
                                    version: 0,
                                    flags: U24Be(
                                        0,
                                    ),
                                },
                                pre_defined: 0,
                                handler_type: HandlerType::Metadata,
                                reserved: [
                                    0,
                                    0,
                                    0,
                                ],
                                name: Utf8String(
                                    "meta",
                                ),
                            },
                            dinf: None,
                            iloc: None,
                            ipro: None,
                            iinf: None,
                            xml: None,
                            bxml: None,
                            pitm: None,
                            fiin: None,
                            idat: None,
                            iref: None,
                            iprp: None,
                            grpl: None,
                            unknown_boxes: [],
                        },
                    ),
                    mdia: MediaBox {
                        mdhd: MediaHeaderBox {
                            full_header: FullBoxHeader {
                                version: 0,
                                flags: U24Be(
                                    0,
                                ),
                            },
                            creation_time: 3329185361,
                            modification_time: 3329185361,
                            timescale: 90000,
                            duration: 892800,
                            language: Langauge(
                                [
                                    21,
                                    14,
                                    4,
                                ],
                            ),
                            pre_defined: 0,
                        },
                        hdlr: HandlerBox {
                            full_header: FullBoxHeader {
                                version: 0,
                                flags: U24Be(
                                    0,
                                ),
                            },
                            pre_defined: 0,
                            handler_type: HandlerType::Metadata,
                            reserved: [
                                0,
                                0,
                                0,
                            ],
                            name: Utf8String(
                                "meta",
                            ),
                        },
                        elng: None,
                        minf: MediaInformationBox {
                            vmhd: None,
                            smhd: None,
                            hmhd: None,
                            sthd: None,
                            vvhd: None,
                            unknown_boxes: [
                                UnknownBox {
                                    header: BoxHeader {
                                        size: Short(
                                            12,
                                        ),
                                        box_type: FourCc(
                                            "nmhd",
                                        ),
                                    },
                                    data.len: 4,
                                },
                            ],
                            dinf: DataInformationBox {
                                dref: DataReferenceBox {
                                    full_header: FullBoxHeader {
                                        version: 0,
                                        flags: U24Be(
                                            0,
                                        ),
                                    },
                                    entry_count: 1,
                                    url: [
                                        DataEntryUrlBox {
                                            full_header: FullBoxHeader {
                                                version: 0,
                                                flags: U24Be(
                                                    1,
                                                ),
                                            },
                                            location: None,
                                        },
                                    ],
                                    urn: [],
                                    imda: [],
                                    snim: [],
                                    unknown_boxes: [],
                                },
                            },
                            stbl: SampleTableBox {
                                stsd: SampleDescriptionBox {
                                    full_header: FullBoxHeader {
                                        version: 0,
                                        flags: U24Be(
                                            0,
                                        ),
                                    },
                                    entry_count: 1,
                                    boxes: [
                                        UnknownBox {
                                            header: BoxHeader {
                                                size: Short(
                                                    30,
                                                ),
                                                box_type: FourCc(
                                                    "vcmM",
                                                ),
                                            },
                                            data.len: 22,
                                        },
                                    ],
                                },
                                stts: TimeToSampleBox {
                                    full_header: FullBoxHeader {
                                        version: 0,
                                        flags: U24Be(
                                            0,
                                        ),
                                    },
                                    entry_count: 1,
                                    entries: [
                                        TimeToSampleBoxEntry {
                                            sample_count: 248,
                                            sample_delta: 3600,
                                        },
                                    ],
                                },
                                ctts: None,
                                cslg: None,
                                stsc: SampleToChunkBox {
                                    full_header: FullBoxHeader {
                                        version: 0,
                                        flags: U24Be(
                                            0,
                                        ),
                                    },
                                    entry_count: 1,
                                    entries.len: 1,
                                },
                                stsz: Some(
                                    SampleSizeBox {
                                        full_header: FullBoxHeader {
                                            version: 0,
                                            flags: U24Be(
                                                0,
                                            ),
                                        },
                                        sample_size: 1984,
                                        sample_count: 248,
                                        entry_size.len: 0,
                                    },
                                ),
                                stz2: None,
                                stco: Some(
                                    ChunkOffsetBox {
                                        full_header: FullBoxHeader {
                                            version: 0,
                                            flags: U24Be(
                                                0,
                                            ),
                                        },
                                        entry_count: 1,
                                        chunk_offset.len: 1,
                                    },
                                ),
                                co64: None,
                                stss: None,
                                stsh: None,
                                padb: None,
                                stdp: None,
                                sdtp: None,
                                sbgp: [],
                                sgpd: [],
                                subs: [],
                                saiz: [],
                                saio: [],
                                csgp: [],
                            },
                        },
                        unknown_boxes: [],
                    },
                    unknown_boxes: [],
                    udta: None,
                },
            ],
            mvex: None,
            unknown_boxes: [
                UnknownBox {
                    header: BoxHeader {
                        size: Short(
                            42,
                        ),
                        box_type: FourCc(
                            "iods",
                        ),
                    },
                    data.len: 34,
                },
            ],
            udta: None,
        },
    ),
    moof: [],
    mdat: [
        MediaDataBox {
            data.len: 118268,
        },
    ],
    imda: [],
    meta: Some(
        MetaBox {
            full_header: FullBoxHeader {
                version: 0,
                flags: U24Be(
                    0,
                ),
            },
            hdlr: HandlerBox {
                full_header: FullBoxHeader {
                    version: 0,
                    flags: U24Be(
                        0,
                    ),
                },
                pre_defined: 0,
                handler_type: HandlerType::Null,
                reserved: [
                    0,
                    0,
                    0,
                ],
                name: Utf8String(
                    "null",
                ),
            },
            dinf: None,
            iloc: None,
            ipro: None,
            iinf: None,
            xml: None,
            bxml: None,
            pitm: None,
            fiin: None,
            idat: None,
            iref: None,
            iprp: None,
            grpl: None,
            unknown_boxes: [
                UnknownBox {
                    header: BoxHeader {
                        size: Short(
                            76,
                        ),
                        box_type: FourCc(
                            "vsmi",
                        ),
                    },
                    data.len: 68,
                },
            ],
        },
    ),
    styp: [],
    sidx: [],
    ssix: [],
    prft: [],
    unknown_boxes: [],
    mfra: None,
}
