---
source: crates/isobmff/src/conformance_tests.rs
expression: redeserialized_file
snapshot_kind: text
---
IsobmffFile {
    ftyp: Some(
        FileTypeBox {
            major_brand: Brand([109, 112, 52, 50]),
            minor_version: 1,
            compatible_brands: [
                Brand([109, 112, 52, 50]),
                Brand::Mp41,
            ],
        },
    ),
    etyp: [],
    otyp: [],
    pdin: None,
    moov: Some(
        MovieBox {
            mvhd: MovieHeaderBox {
                full_header: FullBoxHeader {
                    version: 0,
                    flags: U24Be(
                        0,
                    ),
                },
                creation_time: 3231962499,
                modification_time: 3231962499,
                timescale: 600,
                duration: 6000,
                rate: 1,
                volume: 1,
                reserved1: 0,
                reserved2: 0,
                matrix: [
                    65536,
                    0,
                    0,
                    0,
                    65536,
                    0,
                    0,
                    0,
                    1073741824,
                ],
                pre_defined: [
                    0,
                    0,
                    0,
                    0,
                    0,
                    0,
                ],
                next_track_id: 2,
            },
            meta: None,
            trak: [
                TrackBox {
                    tkhd: TrackHeaderBox {
                        version: 0,
                        flags: TrackHeaderBoxFlags(
                            TrackEnabled,
                        ),
                        creation_time: 3231962493,
                        modification_time: 3231962499,
                        track_id: 1,
                        reserved1: 0,
                        duration: 6000,
                        reserved2: 0,
                        layer: 0,
                        alternate_group: 0,
                        volume: 0,
                        reserved3: 0,
                        matrix: [
                            65536,
                            0,
                            0,
                            0,
                            65536,
                            0,
                            0,
                            0,
                            1073741824,
                        ],
                        width: 176,
                        height: 144,
                    },
                    tref: None,
                    trgr: None,
                    edts: Some(
                        EditBox {
                            elst: Some(
                                EditListBox {
                                    full_header: FullBoxHeader {
                                        version: 0,
                                        flags: U24Be(
                                            0,
                                        ),
                                    },
                                    entry_count: 1,
                                    entries: [
                                        EditListBoxEntry {
                                            edit_duration: 5980,
                                            media_time: 15085,
                                            media_rate: 1,
                                        },
                                    ],
                                },
                            ),
                        },
                    ),
                    ttyp: None,
                    meta: None,
                    mdia: MediaBox {
                        mdhd: MediaHeaderBox {
                            full_header: FullBoxHeader {
                                version: 0,
                                flags: U24Be(
                                    0,
                                ),
                            },
                            creation_time: 3231962499,
                            modification_time: 3231962499,
                            timescale: 2997,
                            duration: 60000,
                            language: Langauge(
                                [
                                    5,
                                    14,
                                    7,
                                ],
                            ),
                            pre_defined: 0,
                        },
                        hdlr: HandlerBox {
                            full_header: FullBoxHeader {
                                version: 0,
                                flags: U24Be(
                                    0,
                                ),
                            },
                            pre_defined: 0,
                            handler_type: HandlerType::Video,
                            reserved: [
                                0,
                                0,
                                0,
                            ],
                            name: Utf8String(
                                "Apple Video Media Handler",
                            ),
                        },
                        elng: None,
                        minf: MediaInformationBox {
                            vmhd: Some(
                                VideoMediaHeaderBox {
                                    full_header: FullBoxHeader {
                                        version: 0,
                                        flags: U24Be(
                                            1,
                                        ),
                                    },
                                    graphicsmode: 0,
                                    opcolor: [
                                        0,
                                        0,
                                        0,
                                    ],
                                },
                            ),
                            smhd: None,
                            hmhd: None,
                            sthd: None,
                            vvhd: None,
                            unknown_boxes: [],
                            dinf: DataInformationBox {
                                dref: DataReferenceBox {
                                    full_header: FullBoxHeader {
                                        version: 0,
                                        flags: U24Be(
                                            0,
                                        ),
                                    },
                                    entry_count: 1,
                                    url: [
                                        DataEntryUrlBox {
                                            full_header: FullBoxHeader {
                                                version: 0,
                                                flags: U24Be(
                                                    1,
                                                ),
                                            },
                                            location: None,
                                        },
                                    ],
                                    urn: [],
                                    imda: [],
                                    snim: [],
                                    unknown_boxes: [],
                                },
                            },
                            stbl: SampleTableBox {
                                stsd: SampleDescriptionBox {
                                    full_header: FullBoxHeader {
                                        version: 0,
                                        flags: U24Be(
                                            0,
                                        ),
                                    },
                                    entry_count: 1,
                                    boxes: [
                                        UnknownBox {
                                            header: BoxHeader {
                                                size: Short(
                                                    155,
                                                ),
                                                box_type: FourCc(
                                                    "mp4v",
                                                ),
                                            },
                                            data.len: 147,
                                        },
                                    ],
                                },
                                stts: TimeToSampleBox {
                                    full_header: FullBoxHeader {
                                        version: 0,
                                        flags: U24Be(
                                            0,
                                        ),
                                    },
                                    entry_count: 1,
                                    entries: [
                                        TimeToSampleBoxEntry {
                                            sample_count: 600,
                                            sample_delta: 100,
                                        },
                                    ],
                                },
                                ctts: None,
                                cslg: None,
                                stsc: SampleToChunkBox {
                                    full_header: FullBoxHeader {
                                        version: 0,
                                        flags: U24Be(
                                            0,
                                        ),
                                    },
                                    entry_count: 58,
                                    entries.len: 58,
                                },
                                stsz: Some(
                                    SampleSizeBox {
                                        full_header: FullBoxHeader {
                                            version: 0,
                                            flags: U24Be(
                                                0,
                                            ),
                                        },
                                        sample_size: 0,
                                        sample_count: 600,
                                        entry_size.len: 600,
                                    },
                                ),
                                stz2: None,
                                stco: Some(
                                    ChunkOffsetBox {
                                        full_header: FullBoxHeader {
                                            version: 0,
                                            flags: U24Be(
                                                0,
                                            ),
                                        },
                                        entry_count: 85,
                                        chunk_offset.len: 85,
                                    },
                                ),
                                co64: None,
                                stss: Some(
                                    SyncSampleBox {
                                        full_header: FullBoxHeader {
                                            version: 0,
                                            flags: U24Be(
                                                0,
                                            ),
                                        },
                                        entry_count: 15,
                                        sample_number: [
                                            1,
                                            46,
                                            91,
                                            136,
                                            151,
                                            196,
                                            241,
                                            286,
                                            331,
                                            376,
                                            421,
                                            451,
                                            496,
                                            541,
                                            586,
                                        ],
                                    },
                                ),
                                stsh: None,
                                padb: None,
                                stdp: None,
                                sdtp: None,
                                sbgp: [],
                                sgpd: [],
                                subs: [],
                                saiz: [],
                                saio: [],
                                csgp: [],
                            },
                        },
                        unknown_boxes: [],
                    },
                    unknown_boxes: [
                        UnknownBox {
                            header: BoxHeader {
                                size: Short(
                                    68,
                                ),
                                box_type: FourCc(
                                    "tapt",
                                ),
                            },
                            data.len: 60,
                        },
                    ],
                    udta: None,
                },
            ],
            mvex: None,
            unknown_boxes: [],
            udta: None,
        },
    ),
    moof: [],
    mdat: [
        MediaDataBox {
            data.len: 629586,
        },
    ],
    imda: [],
    meta: None,
    styp: [],
    sidx: [],
    ssix: [],
    prft: [],
    unknown_boxes: [
        UnknownBox {
            header: BoxHeader {
                size: Short(
                    8,
                ),
                box_type: FourCc(
                    "free",
                ),
            },
            data.len: 0,
        },
        UnknownBox {
            header: BoxHeader {
                size: Short(
                    8,
                ),
                box_type: FourCc(
                    "free",
                ),
            },
            data.len: 0,
        },
    ],
    mfra: None,
}
