---
source: crates/isobmff/src/conformance_tests.rs
expression: redeserialized_file
snapshot_kind: text
---
IsobmffFile {
    ftyp: Some(
        FileTypeBox {
            major_brand: Brand([109, 112, 52, 50]),
            minor_version: 0,
            compatible_brands: [
                Brand([109, 112, 52, 50]),
                Brand::IsoM,
            ],
        },
    ),
    etyp: [],
    otyp: [],
    pdin: None,
    moov: Some(
        MovieBox {
            mvhd: MovieHeaderBox {
                full_header: FullBoxHeader {
                    version: 0,
                    flags: U24Be(
                        0,
                    ),
                },
                creation_time: 3231968541,
                modification_time: 3231968541,
                timescale: 600,
                duration: 614,
                rate: 1,
                volume: 1,
                reserved1: 0,
                reserved2: 0,
                matrix: [
                    65536,
                    0,
                    0,
                    0,
                    65536,
                    0,
                    0,
                    0,
                    1073741824,
                ],
                pre_defined: [
                    0,
                    0,
                    0,
                    0,
                    0,
                    0,
                ],
                next_track_id: 2,
            },
            meta: None,
            trak: [
                TrackBox {
                    tkhd: TrackHeaderBox {
                        version: 0,
                        flags: TrackHeaderBoxFlags(
                            TrackEnabled | TrackInMovie | TrackInPreview,
                        ),
                        creation_time: 3231968541,
                        modification_time: 3231968541,
                        track_id: 1,
                        reserved1: 0,
                        duration: 614,
                        reserved2: 0,
                        layer: 0,
                        alternate_group: 0,
                        volume: 1,
                        reserved3: 0,
                        matrix: [
                            65536,
                            0,
                            0,
                            0,
                            65536,
                            0,
                            0,
                            0,
                            1073741824,
                        ],
                        width: 0,
                        height: 0,
                    },
                    tref: None,
                    trgr: None,
                    edts: None,
                    ttyp: None,
                    meta: None,
                    mdia: MediaBox {
                        mdhd: MediaHeaderBox {
                            full_header: FullBoxHeader {
                                version: 0,
                                flags: U24Be(
                                    0,
                                ),
                            },
                            creation_time: 3231968541,
                            modification_time: 3231968541,
                            timescale: 48000,
                            duration: 49152,
                            language: Langauge(
                                [
                                    21,
                                    14,
                                    4,
                                ],
                            ),
                            pre_defined: 0,
                        },
                        hdlr: HandlerBox {
                            full_header: FullBoxHeader {
                                version: 0,
                                flags: U24Be(
                                    0,
                                ),
                            },
                            pre_defined: 0,
                            handler_type: HandlerType::Audio,
                            reserved: [
                                0,
                                0,
                                0,
                            ],
                            name: Utf8String(
                                "soun",
                            ),
                        },
                        elng: None,
                        minf: MediaInformationBox {
                            vmhd: None,
                            smhd: Some(
                                SoundMediaHeaderBox {
                                    full_header: FullBoxHeader {
                                        version: 0,
                                        flags: U24Be(
                                            0,
                                        ),
                                    },
                                    balance: 0,
                                    reserved: 0,
                                },
                            ),
                            hmhd: None,
                            sthd: None,
                            vvhd: None,
                            unknown_boxes: [],
                            dinf: DataInformationBox {
                                dref: DataReferenceBox {
                                    full_header: FullBoxHeader {
                                        version: 0,
                                        flags: U24Be(
                                            0,
                                        ),
                                    },
                                    entry_count: 1,
                                    url: [
                                        DataEntryUrlBox {
                                            full_header: FullBoxHeader {
                                                version: 0,
                                                flags: U24Be(
                                                    1,
                                                ),
                                            },
                                            location: None,
                                        },
                                    ],
                                    urn: [],
                                    imda: [],
                                    snim: [],
                                    unknown_boxes: [],
                                },
                            },
                            stbl: SampleTableBox {
                                stsd: SampleDescriptionBox {
                                    full_header: FullBoxHeader {
                                        version: 0,
                                        flags: U24Be(
                                            0,
                                        ),
                                    },
                                    entry_count: 1,
                                    boxes: [
                                        UnknownBox {
                                            header: BoxHeader {
                                                size: Short(
                                                    97,
                                                ),
                                                box_type: FourCc(
                                                    "mp4a",
                                                ),
                                            },
                                            data.len: 89,
                                        },
                                    ],
                                },
                                stts: TimeToSampleBox {
                                    full_header: FullBoxHeader {
                                        version: 0,
                                        flags: U24Be(
                                            0,
                                        ),
                                    },
                                    entry_count: 1,
                                    entries: [
                                        TimeToSampleBoxEntry {
                                            sample_count: 48,
                                            sample_delta: 1024,
                                        },
                                    ],
                                },
                                ctts: None,
                                cslg: None,
                                stsc: SampleToChunkBox {
                                    full_header: FullBoxHeader {
                                        version: 0,
                                        flags: U24Be(
                                            0,
                                        ),
                                    },
                                    entry_count: 1,
                                    entries.len: 1,
                                },
                                stsz: None,
                                stz2: Some(
                                    CompactSampleSizeBox {
                                        full_header: FullBoxHeader {
                                            version: 0,
                                            flags: U24Be(
                                                0,
                                            ),
                                        },
                                        reserved: U24Be(
                                            0,
                                        ),
                                        field_size: 8,
                                        sample_count: 48,
                                        entry_size: Vec(
                                            [
                                                25,
                                                25,
                                                25,
                                                25,
                                                25,
                                                25,
                                                25,
                                                25,
                                                25,
                                                25,
                                                25,
                                                25,
                                                25,
                                                25,
                                                25,
                                                25,
                                                25,
                                                25,
                                                25,
                                                25,
                                                25,
                                                25,
                                                25,
                                                25,
                                                25,
                                                25,
                                                25,
                                                25,
                                                25,
                                                25,
                                                25,
                                                25,
                                                25,
                                                25,
                                                25,
                                                25,
                                                25,
                                                25,
                                                25,
                                                25,
                                                25,
                                                25,
                                                25,
                                                25,
                                                25,
                                                25,
                                                25,
                                                25,
                                            ],
                                        ),
                                    },
                                ),
                                stco: Some(
                                    ChunkOffsetBox {
                                        full_header: FullBoxHeader {
                                            version: 0,
                                            flags: U24Be(
                                                0,
                                            ),
                                        },
                                        entry_count: 2,
                                        chunk_offset.len: 2,
                                    },
                                ),
                                co64: None,
                                stss: None,
                                stsh: None,
                                padb: Some(
                                    PaddingBitsBox {
                                        full_header: FullBoxHeader {
                                            version: 0,
                                            flags: U24Be(
                                                0,
                                            ),
                                        },
                                        sample_count: 48,
                                        entry.len: 24,
                                    },
                                ),
                                stdp: None,
                                sdtp: None,
                                sbgp: [],
                                sgpd: [],
                                subs: [],
                                saiz: [],
                                saio: [],
                                csgp: [],
                            },
                        },
                        unknown_boxes: [],
                    },
                    unknown_boxes: [
                        UnknownBox {
                            header: BoxHeader {
                                size: Short(
                                    46,
                                ),
                                box_type: Uuid(
                                    d337e9a3-9b1f-4bd3-8ade-d8aed1ba3593,
                                ),
                            },
                            data.len: 22,
                        },
                    ],
                    udta: None,
                },
            ],
            mvex: None,
            unknown_boxes: [
                UnknownBox {
                    header: BoxHeader {
                        size: Short(
                            33,
                        ),
                        box_type: FourCc(
                            "iods",
                        ),
                    },
                    data.len: 25,
                },
                UnknownBox {
                    header: BoxHeader {
                        size: Short(
                            21,
                        ),
                        box_type: FourCc(
                            "junk",
                        ),
                    },
                    data.len: 13,
                },
                UnknownBox {
                    header: BoxHeader {
                        size: Short(
                            28,
                        ),
                        box_type: FourCc(
                            "free",
                        ),
                    },
                    data.len: 20,
                },
            ],
            udta: None,
        },
    ),
    moof: [],
    mdat: [
        MediaDataBox {
            data.len: 1200,
        },
    ],
    imda: [],
    meta: None,
    styp: [],
    sidx: [],
    ssix: [],
    prft: [],
    unknown_boxes: [],
    mfra: None,
}
