---
source: crates/isobmff/src/conformance_tests.rs
expression: redeserialized_file
snapshot_kind: text
---
IsobmffFile {
    ftyp: Some(
        FileTypeBox {
            major_brand: Brand::Avc1,
            minor_version: 1,
            compatible_brands: [
                Brand::Avc1,
                Brand::Iso5,
            ],
        },
    ),
    etyp: [],
    otyp: [],
    pdin: None,
    moov: Some(
        MovieBox {
            mvhd: MovieHeaderBox {
                full_header: FullBoxHeader {
                    version: 0,
                    flags: U24Be(
                        0,
                    ),
                },
                creation_time: 3570424812,
                modification_time: 3570424812,
                timescale: 90000,
                duration: 900000,
                rate: 1,
                volume: 1,
                reserved1: 0,
                reserved2: 0,
                matrix: [
                    65536,
                    0,
                    0,
                    0,
                    65536,
                    0,
                    0,
                    0,
                    1073741824,
                ],
                pre_defined: [
                    0,
                    0,
                    0,
                    0,
                    0,
                    0,
                ],
                next_track_id: 3,
            },
            meta: None,
            trak: [
                TrackBox {
                    tkhd: TrackHeaderBox {
                        version: 0,
                        flags: TrackHeaderBoxFlags(
                            TrackEnabled,
                        ),
                        creation_time: 3570424847,
                        modification_time: 3570424901,
                        track_id: 1,
                        reserved1: 0,
                        duration: 900000,
                        reserved2: 0,
                        layer: 0,
                        alternate_group: 0,
                        volume: 0,
                        reserved3: 0,
                        matrix: [
                            65536,
                            0,
                            0,
                            0,
                            65536,
                            0,
                            0,
                            0,
                            1073741824,
                        ],
                        width: 1920,
                        height: 1080,
                    },
                    tref: None,
                    trgr: None,
                    edts: None,
                    ttyp: None,
                    meta: None,
                    mdia: MediaBox {
                        mdhd: MediaHeaderBox {
                            full_header: FullBoxHeader {
                                version: 0,
                                flags: U24Be(
                                    0,
                                ),
                            },
                            creation_time: 3570424847,
                            modification_time: 3570424847,
                            timescale: 90000,
                            duration: 900000,
                            language: Langauge(
                                [
                                    0,
                                    0,
                                    0,
                                ],
                            ),
                            pre_defined: 0,
                        },
                        hdlr: HandlerBox {
                            full_header: FullBoxHeader {
                                version: 0,
                                flags: U24Be(
                                    0,
                                ),
                            },
                            pre_defined: 0,
                            handler_type: HandlerType::Video,
                            reserved: [
                                0,
                                0,
                                0,
                            ],
                            name: Utf8String(
                                "",
                            ),
                        },
                        elng: None,
                        minf: MediaInformationBox {
                            vmhd: Some(
                                VideoMediaHeaderBox {
                                    full_header: FullBoxHeader {
                                        version: 0,
                                        flags: U24Be(
                                            0,
                                        ),
                                    },
                                    graphicsmode: 0,
                                    opcolor: [
                                        0,
                                        0,
                                        0,
                                    ],
                                },
                            ),
                            smhd: None,
                            hmhd: None,
                            sthd: None,
                            vvhd: None,
                            unknown_boxes: [],
                            dinf: DataInformationBox {
                                dref: DataReferenceBox {
                                    full_header: FullBoxHeader {
                                        version: 0,
                                        flags: U24Be(
                                            0,
                                        ),
                                    },
                                    entry_count: 1,
                                    url: [
                                        DataEntryUrlBox {
                                            full_header: FullBoxHeader {
                                                version: 0,
                                                flags: U24Be(
                                                    1,
                                                ),
                                            },
                                            location: None,
                                        },
                                    ],
                                    urn: [],
                                    imda: [],
                                    snim: [],
                                    unknown_boxes: [],
                                },
                            },
                            stbl: SampleTableBox {
                                stsd: SampleDescriptionBox {
                                    full_header: FullBoxHeader {
                                        version: 0,
                                        flags: U24Be(
                                            0,
                                        ),
                                    },
                                    entry_count: 1,
                                    boxes: [
                                        UnknownBox {
                                            header: BoxHeader {
                                                size: Short(
                                                    120,
                                                ),
                                                box_type: FourCc(
                                                    "avc1",
                                                ),
                                            },
                                            data.len: 112,
                                        },
                                    ],
                                },
                                stts: TimeToSampleBox {
                                    full_header: FullBoxHeader {
                                        version: 0,
                                        flags: U24Be(
                                            0,
                                        ),
                                    },
                                    entry_count: 1,
                                    entries: [
                                        TimeToSampleBoxEntry {
                                            sample_count: 250,
                                            sample_delta: 3600,
                                        },
                                    ],
                                },
                                ctts: None,
                                cslg: None,
                                stsc: SampleToChunkBox {
                                    full_header: FullBoxHeader {
                                        version: 0,
                                        flags: U24Be(
                                            0,
                                        ),
                                    },
                                    entry_count: 1,
                                    entries.len: 1,
                                },
                                stsz: Some(
                                    SampleSizeBox {
                                        full_header: FullBoxHeader {
                                            version: 0,
                                            flags: U24Be(
                                                0,
                                            ),
                                        },
                                        sample_size: 0,
                                        sample_count: 250,
                                        entry_size.len: 250,
                                    },
                                ),
                                stz2: None,
                                stco: Some(
                                    ChunkOffsetBox {
                                        full_header: FullBoxHeader {
                                            version: 0,
                                            flags: U24Be(
                                                0,
                                            ),
                                        },
                                        entry_count: 10,
                                        chunk_offset.len: 10,
                                    },
                                ),
                                co64: None,
                                stss: Some(
                                    SyncSampleBox {
                                        full_header: FullBoxHeader {
                                            version: 0,
                                            flags: U24Be(
                                                0,
                                            ),
                                        },
                                        entry_count: 10,
                                        sample_number: [
                                            1,
                                            26,
                                            51,
                                            76,
                                            101,
                                            126,
                                            151,
                                            176,
                                            201,
                                            226,
                                        ],
                                    },
                                ),
                                stsh: None,
                                padb: None,
                                stdp: None,
                                sdtp: None,
                                sbgp: [],
                                sgpd: [],
                                subs: [],
                                saiz: [],
                                saio: [],
                                csgp: [],
                            },
                        },
                        unknown_boxes: [],
                    },
                    unknown_boxes: [],
                    udta: None,
                },
                TrackBox {
                    tkhd: TrackHeaderBox {
                        version: 0,
                        flags: TrackHeaderBoxFlags(
                            TrackEnabled,
                        ),
                        creation_time: 3570424847,
                        modification_time: 3570424901,
                        track_id: 2,
                        reserved1: 0,
                        duration: 900000,
                        reserved2: 0,
                        layer: 0,
                        alternate_group: 0,
                        volume: 0,
                        reserved3: 0,
                        matrix: [
                            65536,
                            0,
                            0,
                            0,
                            65536,
                            0,
                            0,
                            0,
                            1073741824,
                        ],
                        width: 1920,
                        height: 1080,
                    },
                    tref: Some(
                        TrackReferenceBox {
                            track_reference_type: [
                                UnknownBox {
                                    header: BoxHeader {
                                        size: Short(
                                            12,
                                        ),
                                        box_type: FourCc(
                                            "scal",
                                        ),
                                    },
                                    data.len: 4,
                                },
                            ],
                        },
                    ),
                    trgr: None,
                    edts: None,
                    ttyp: None,
                    meta: None,
                    mdia: MediaBox {
                        mdhd: MediaHeaderBox {
                            full_header: FullBoxHeader {
                                version: 0,
                                flags: U24Be(
                                    0,
                                ),
                            },
                            creation_time: 3570424847,
                            modification_time: 3570424847,
                            timescale: 90000,
                            duration: 900000,
                            language: Langauge(
                                [
                                    0,
                                    0,
                                    0,
                                ],
                            ),
                            pre_defined: 0,
                        },
                        hdlr: HandlerBox {
                            full_header: FullBoxHeader {
                                version: 0,
                                flags: U24Be(
                                    0,
                                ),
                            },
                            pre_defined: 0,
                            handler_type: HandlerType::Video,
                            reserved: [
                                0,
                                0,
                                0,
                            ],
                            name: Utf8String(
                                "",
                            ),
                        },
                        elng: None,
                        minf: MediaInformationBox {
                            vmhd: Some(
                                VideoMediaHeaderBox {
                                    full_header: FullBoxHeader {
                                        version: 0,
                                        flags: U24Be(
                                            0,
                                        ),
                                    },
                                    graphicsmode: 0,
                                    opcolor: [
                                        0,
                                        0,
                                        0,
                                    ],
                                },
                            ),
                            smhd: None,
                            hmhd: None,
                            sthd: None,
                            vvhd: None,
                            unknown_boxes: [],
                            dinf: DataInformationBox {
                                dref: DataReferenceBox {
                                    full_header: FullBoxHeader {
                                        version: 0,
                                        flags: U24Be(
                                            0,
                                        ),
                                    },
                                    entry_count: 1,
                                    url: [
                                        DataEntryUrlBox {
                                            full_header: FullBoxHeader {
                                                version: 0,
                                                flags: U24Be(
                                                    1,
                                                ),
                                            },
                                            location: None,
                                        },
                                    ],
                                    urn: [],
                                    imda: [],
                                    snim: [],
                                    unknown_boxes: [],
                                },
                            },
                            stbl: SampleTableBox {
                                stsd: SampleDescriptionBox {
                                    full_header: FullBoxHeader {
                                        version: 0,
                                        flags: U24Be(
                                            0,
                                        ),
                                    },
                                    entry_count: 1,
                                    boxes: [
                                        UnknownBox {
                                            header: BoxHeader {
                                                size: Short(
                                                    126,
                                                ),
                                                box_type: FourCc(
                                                    "mvc1",
                                                ),
                                            },
                                            data.len: 118,
                                        },
                                    ],
                                },
                                stts: TimeToSampleBox {
                                    full_header: FullBoxHeader {
                                        version: 0,
                                        flags: U24Be(
                                            0,
                                        ),
                                    },
                                    entry_count: 1,
                                    entries: [
                                        TimeToSampleBoxEntry {
                                            sample_count: 250,
                                            sample_delta: 3600,
                                        },
                                    ],
                                },
                                ctts: None,
                                cslg: None,
                                stsc: SampleToChunkBox {
                                    full_header: FullBoxHeader {
                                        version: 0,
                                        flags: U24Be(
                                            0,
                                        ),
                                    },
                                    entry_count: 1,
                                    entries.len: 1,
                                },
                                stsz: Some(
                                    SampleSizeBox {
                                        full_header: FullBoxHeader {
                                            version: 0,
                                            flags: U24Be(
                                                0,
                                            ),
                                        },
                                        sample_size: 0,
                                        sample_count: 250,
                                        entry_size.len: 250,
                                    },
                                ),
                                stz2: None,
                                stco: Some(
                                    ChunkOffsetBox {
                                        full_header: FullBoxHeader {
                                            version: 0,
                                            flags: U24Be(
                                                0,
                                            ),
                                        },
                                        entry_count: 10,
                                        chunk_offset.len: 10,
                                    },
                                ),
                                co64: None,
                                stss: None,
                                stsh: None,
                                padb: None,
                                stdp: None,
                                sdtp: None,
                                sbgp: [],
                                sgpd: [],
                                subs: [],
                                saiz: [],
                                saio: [],
                                csgp: [],
                            },
                        },
                        unknown_boxes: [],
                    },
                    unknown_boxes: [],
                    udta: None,
                },
            ],
            mvex: None,
            unknown_boxes: [
                UnknownBox {
                    header: BoxHeader {
                        size: Short(
                            24,
                        ),
                        box_type: FourCc(
                            "iods",
                        ),
                    },
                    data.len: 16,
                },
            ],
            udta: None,
        },
    ),
    moof: [],
    mdat: [
        MediaDataBox {
            data.len: 4359842,
        },
    ],
    imda: [],
    meta: None,
    styp: [],
    sidx: [],
    ssix: [],
    prft: [],
    unknown_boxes: [],
    mfra: None,
}
