---
source: crates/isobmff/src/conformance_tests.rs
expression: redeserialized_file
snapshot_kind: text
---
IsobmffFile {
    ftyp: Some(
        FileTypeBox {
            major_brand: Brand([51, 103, 114, 54]),
            minor_version: 0,
            compatible_brands: [
                Brand([51, 103, 114, 54]),
                Brand([51, 103, 112, 54]),
                Brand::Avc1,
                Brand::IsoM,
            ],
        },
    ),
    etyp: [],
    otyp: [],
    pdin: Some(
        ProgressiveDownloadInfoBox {
            full_header: FullBoxHeader {
                version: 0,
                flags: U24Be(
                    0,
                ),
            },
            properties: [
                ProgressiveDownloadInfoBoxProperties {
                    rate: 5106,
                    initial_delay: 20808,
                },
                ProgressiveDownloadInfoBoxProperties {
                    rate: 7659,
                    initial_delay: 7206,
                },
                ProgressiveDownloadInfoBoxProperties {
                    rate: 10213,
                    initial_delay: 1089,
                },
                ProgressiveDownloadInfoBoxProperties {
                    rate: 12766,
                    initial_delay: 652,
                },
                ProgressiveDownloadInfoBoxProperties {
                    rate: 15319,
                    initial_delay: 396,
                },
                ProgressiveDownloadInfoBoxProperties {
                    rate: 20426,
                    initial_delay: 200,
                },
            ],
        },
    ),
    moov: Some(
        MovieBox {
            mvhd: MovieHeaderBox {
                full_header: FullBoxHeader {
                    version: 0,
                    flags: U24Be(
                        0,
                    ),
                },
                creation_time: 3291719834,
                modification_time: 3291719834,
                timescale: 90000,
                duration: 1807200,
                rate: 1,
                volume: 1,
                reserved1: 0,
                reserved2: 0,
                matrix: [
                    65536,
                    0,
                    0,
                    0,
                    65536,
                    0,
                    0,
                    0,
                    1073741824,
                ],
                pre_defined: [
                    0,
                    0,
                    0,
                    0,
                    0,
                    0,
                ],
                next_track_id: 202,
            },
            meta: None,
            trak: [
                TrackBox {
                    tkhd: TrackHeaderBox {
                        version: 0,
                        flags: TrackHeaderBoxFlags(
                            TrackEnabled,
                        ),
                        creation_time: 3291719834,
                        modification_time: 3291719834,
                        track_id: 201,
                        reserved1: 0,
                        duration: 1807200,
                        reserved2: 0,
                        layer: 0,
                        alternate_group: 0,
                        volume: 0,
                        reserved3: 0,
                        matrix: [
                            65536,
                            0,
                            0,
                            0,
                            65536,
                            0,
                            0,
                            0,
                            1073741824,
                        ],
                        width: 176,
                        height: 144,
                    },
                    tref: None,
                    trgr: None,
                    edts: None,
                    ttyp: None,
                    meta: None,
                    mdia: MediaBox {
                        mdhd: MediaHeaderBox {
                            full_header: FullBoxHeader {
                                version: 0,
                                flags: U24Be(
                                    0,
                                ),
                            },
                            creation_time: 3291719834,
                            modification_time: 3291719834,
                            timescale: 90000,
                            duration: 1807200,
                            language: Langauge(
                                [
                                    21,
                                    14,
                                    4,
                                ],
                            ),
                            pre_defined: 0,
                        },
                        hdlr: HandlerBox {
                            full_header: FullBoxHeader {
                                version: 0,
                                flags: U24Be(
                                    0,
                                ),
                            },
                            pre_defined: 0,
                            handler_type: HandlerType::Video,
                            reserved: [
                                0,
                                0,
                                0,
                            ],
                            name: Utf8String(
                                "",
                            ),
                        },
                        elng: None,
                        minf: MediaInformationBox {
                            vmhd: Some(
                                VideoMediaHeaderBox {
                                    full_header: FullBoxHeader {
                                        version: 0,
                                        flags: U24Be(
                                            1,
                                        ),
                                    },
                                    graphicsmode: 0,
                                    opcolor: [
                                        0,
                                        0,
                                        0,
                                    ],
                                },
                            ),
                            smhd: None,
                            hmhd: None,
                            sthd: None,
                            vvhd: None,
                            unknown_boxes: [],
                            dinf: DataInformationBox {
                                dref: DataReferenceBox {
                                    full_header: FullBoxHeader {
                                        version: 0,
                                        flags: U24Be(
                                            0,
                                        ),
                                    },
                                    entry_count: 1,
                                    url: [
                                        DataEntryUrlBox {
                                            full_header: FullBoxHeader {
                                                version: 0,
                                                flags: U24Be(
                                                    1,
                                                ),
                                            },
                                            location: None,
                                        },
                                    ],
                                    urn: [],
                                    imda: [],
                                    snim: [],
                                    unknown_boxes: [],
                                },
                            },
                            stbl: SampleTableBox {
                                stsd: SampleDescriptionBox {
                                    full_header: FullBoxHeader {
                                        version: 0,
                                        flags: U24Be(
                                            0,
                                        ),
                                    },
                                    entry_count: 1,
                                    boxes: [
                                        UnknownBox {
                                            header: BoxHeader {
                                                size: Short(
                                                    138,
                                                ),
                                                box_type: FourCc(
                                                    "avc1",
                                                ),
                                            },
                                            data.len: 130,
                                        },
                                    ],
                                },
                                stts: TimeToSampleBox {
                                    full_header: FullBoxHeader {
                                        version: 0,
                                        flags: U24Be(
                                            0,
                                        ),
                                    },
                                    entry_count: 1,
                                    entries: [
                                        TimeToSampleBoxEntry {
                                            sample_count: 251,
                                            sample_delta: 7200,
                                        },
                                    ],
                                },
                                ctts: None,
                                cslg: None,
                                stsc: SampleToChunkBox {
                                    full_header: FullBoxHeader {
                                        version: 0,
                                        flags: U24Be(
                                            0,
                                        ),
                                    },
                                    entry_count: 20,
                                    entries.len: 20,
                                },
                                stsz: Some(
                                    SampleSizeBox {
                                        full_header: FullBoxHeader {
                                            version: 0,
                                            flags: U24Be(
                                                0,
                                            ),
                                        },
                                        sample_size: 0,
                                        sample_count: 251,
                                        entry_size.len: 251,
                                    },
                                ),
                                stz2: None,
                                stco: Some(
                                    ChunkOffsetBox {
                                        full_header: FullBoxHeader {
                                            version: 0,
                                            flags: U24Be(
                                                0,
                                            ),
                                        },
                                        entry_count: 20,
                                        chunk_offset.len: 20,
                                    },
                                ),
                                co64: None,
                                stss: Some(
                                    SyncSampleBox {
                                        full_header: FullBoxHeader {
                                            version: 0,
                                            flags: U24Be(
                                                0,
                                            ),
                                        },
                                        entry_count: 36,
                                        sample_number: [
                                            1,
                                            8,
                                            31,
                                            38,
                                            42,
                                            44,
                                            47,
                                            48,
                                            49,
                                            57,
                                            73,
                                            85,
                                            86,
                                            87,
                                            116,
                                            118,
                                            121,
                                            131,
                                            157,
                                            176,
                                            182,
                                            183,
                                            184,
                                            186,
                                            190,
                                            191,
                                            192,
                                            200,
                                            201,
                                            214,
                                            215,
                                            216,
                                            217,
                                            218,
                                            225,
                                            239,
                                        ],
                                    },
                                ),
                                stsh: None,
                                padb: None,
                                stdp: None,
                                sdtp: None,
                                sbgp: [],
                                sgpd: [],
                                subs: [],
                                saiz: [],
                                saio: [],
                                csgp: [],
                            },
                        },
                        unknown_boxes: [],
                    },
                    unknown_boxes: [],
                    udta: Some(
                        UserDataBox {
                            cprt: [],
                            tsel: None,
                            kind: [],
                            strk: [],
                            ludt: [],
                            unknown_boxes: [
                                UnknownBox {
                                    header: BoxHeader {
                                        size: Short(
                                            28,
                                        ),
                                        box_type: Uuid(
                                            f78caa0c-36be-4ce9-87d2-03c256dabeb2,
                                        ),
                                    },
                                    data.len: 4,
                                },
                            ],
                        },
                    ),
                },
            ],
            mvex: None,
            unknown_boxes: [],
            udta: Some(
                UserDataBox {
                    cprt: [],
                    tsel: None,
                    kind: [],
                    strk: [],
                    ludt: [],
                    unknown_boxes: [
                        UnknownBox {
                            header: BoxHeader {
                                size: Short(
                                    29,
                                ),
                                box_type: FourCc(
                                    "rtng",
                                ),
                            },
                            data.len: 21,
                        },
                        UnknownBox {
                            header: BoxHeader {
                                size: Short(
                                    1032,
                                ),
                                box_type: Uuid(
                                    f78caa0c-36be-4ce9-88d2-03c256dabeb2,
                                ),
                            },
                            data.len: 1008,
                        },
                    ],
                },
            ),
        },
    ),
    moof: [],
    mdat: [
        MediaDataBox {
            data.len: 205083,
        },
    ],
    imda: [],
    meta: None,
    styp: [],
    sidx: [],
    ssix: [],
    prft: [],
    unknown_boxes: [],
    mfra: None,
}
