---
source: crates/isobmff/src/conformance_tests.rs
expression: redeserialized_file
snapshot_kind: text
---
IsobmffFile {
    ftyp: Some(
        FileTypeBox {
            major_brand: Brand([109, 105, 102, 49]),
            minor_version: 0,
            compatible_brands: [
                Brand([104, 101, 105, 99]),
                Brand([109, 105, 102, 49]),
            ],
        },
    ),
    etyp: [],
    otyp: [],
    pdin: None,
    moov: None,
    moof: [],
    mdat: [
        MediaDataBox {
            data.len: 535127,
        },
    ],
    imda: [],
    meta: Some(
        MetaBox {
            full_header: FullBoxHeader {
                version: 0,
                flags: U24Be(
                    0,
                ),
            },
            hdlr: HandlerBox {
                full_header: FullBoxHeader {
                    version: 0,
                    flags: U24Be(
                        0,
                    ),
                },
                pre_defined: 0,
                handler_type: HandlerType([112, 105, 99, 116]),
                reserved: [
                    0,
                    0,
                    0,
                ],
                name: Utf8String(
                    "",
                ),
            },
            dinf: None,
            iloc: Some(
                ItemLocationBox {
                    full_header: FullBoxHeader {
                        version: 1,
                        flags: U24Be(
                            0,
                        ),
                    },
                    offset_size: 4,
                    length_size: 4,
                    base_offset_size: 4,
                    index_size: 0,
                    item_count: Some(
                        5,
                    ),
                    items: [
                        ItemLocationBoxItem {
                            item_id: Some(
                                1002,
                            ),
                            construction_method: Some(
                                0,
                            ),
                            data_reference_index: 0,
                            base_offset: 671,
                            extent_count: 1,
                            extents: [
                                ItemLocationBoxExtent {
                                    item_reference_index: None,
                                    extent_offset: 16,
                                    extent_length: 124054,
                                },
                            ],
                        },
                        ItemLocationBoxItem {
                            item_id: Some(
                                1004,
                            ),
                            construction_method: Some(
                                0,
                            ),
                            data_reference_index: 0,
                            base_offset: 671,
                            extent_count: 1,
                            extents: [
                                ItemLocationBoxExtent {
                                    item_reference_index: None,
                                    extent_offset: 124070,
                                    extent_length: 136091,
                                },
                            ],
                        },
                        ItemLocationBoxItem {
                            item_id: Some(
                                1006,
                            ),
                            construction_method: Some(
                                0,
                            ),
                            data_reference_index: 0,
                            base_offset: 671,
                            extent_count: 1,
                            extents: [
                                ItemLocationBoxExtent {
                                    item_reference_index: None,
                                    extent_offset: 260161,
                                    extent_length: 137190,
                                },
                            ],
                        },
                        ItemLocationBoxItem {
                            item_id: Some(
                                1008,
                            ),
                            construction_method: Some(
                                0,
                            ),
                            data_reference_index: 0,
                            base_offset: 671,
                            extent_count: 1,
                            extents: [
                                ItemLocationBoxExtent {
                                    item_reference_index: None,
                                    extent_offset: 397351,
                                    extent_length: 137792,
                                },
                            ],
                        },
                        ItemLocationBoxItem {
                            item_id: Some(
                                1009,
                            ),
                            construction_method: Some(
                                1,
                            ),
                            data_reference_index: 0,
                            base_offset: 0,
                            extent_count: 1,
                            extents: [
                                ItemLocationBoxExtent {
                                    item_reference_index: None,
                                    extent_offset: 0,
                                    extent_length: 8,
                                },
                            ],
                        },
                    ],
                },
            ),
            ipro: None,
            iinf: Some(
                ItemInfoBox {
                    full_header: FullBoxHeader {
                        version: 0,
                        flags: U24Be(
                            0,
                        ),
                    },
                    entry_count: 5,
                    item_infos: [
                        ItemInfoEntry {
                            full_header: FullBoxHeader {
                                version: 2,
                                flags: U24Be(
                                    0,
                                ),
                            },
                            item_id: Some(
                                1002,
                            ),
                            item_protection_index: 0,
                            item_type: [
                                104,
                                118,
                                99,
                                49,
                            ],
                            item_name: Utf8String(
                                "HEVC Image",
                            ),
                            item: None,
                            extension_type: None,
                            extension: None,
                        },
                        ItemInfoEntry {
                            full_header: FullBoxHeader {
                                version: 2,
                                flags: U24Be(
                                    0,
                                ),
                            },
                            item_id: Some(
                                1004,
                            ),
                            item_protection_index: 0,
                            item_type: [
                                104,
                                118,
                                99,
                                49,
                            ],
                            item_name: Utf8String(
                                "HEVC Image",
                            ),
                            item: None,
                            extension_type: None,
                            extension: None,
                        },
                        ItemInfoEntry {
                            full_header: FullBoxHeader {
                                version: 2,
                                flags: U24Be(
                                    0,
                                ),
                            },
                            item_id: Some(
                                1006,
                            ),
                            item_protection_index: 0,
                            item_type: [
                                104,
                                118,
                                99,
                                49,
                            ],
                            item_name: Utf8String(
                                "HEVC Image",
                            ),
                            item: None,
                            extension_type: None,
                            extension: None,
                        },
                        ItemInfoEntry {
                            full_header: FullBoxHeader {
                                version: 2,
                                flags: U24Be(
                                    0,
                                ),
                            },
                            item_id: Some(
                                1008,
                            ),
                            item_protection_index: 0,
                            item_type: [
                                104,
                                118,
                                99,
                                49,
                            ],
                            item_name: Utf8String(
                                "HEVC Image",
                            ),
                            item: None,
                            extension_type: None,
                            extension: None,
                        },
                        ItemInfoEntry {
                            full_header: FullBoxHeader {
                                version: 2,
                                flags: U24Be(
                                    0,
                                ),
                            },
                            item_id: Some(
                                1009,
                            ),
                            item_protection_index: 0,
                            item_type: [
                                103,
                                114,
                                105,
                                100,
                            ],
                            item_name: Utf8String(
                                "Derived image",
                            ),
                            item: None,
                            extension_type: None,
                            extension: None,
                        },
                    ],
                },
            ),
            xml: None,
            bxml: None,
            pitm: Some(
                PrimaryItemBox {
                    full_header: FullBoxHeader {
                        version: 0,
                        flags: U24Be(
                            0,
                        ),
                    },
                    item_id: 1009,
                },
            ),
            fiin: None,
            idat: Some(
                ItemDataBox {
                    data.len: 8,
                },
            ),
            iref: Some(
                ItemReferenceBox {
                    full_header: FullBoxHeader {
                        version: 0,
                        flags: U24Be(
                            0,
                        ),
                    },
                    references: [
                        SingleItemTypeReferenceBox {
                            large: false,
                            header: BoxHeader {
                                size: Short(
                                    20,
                                ),
                                box_type: FourCc(
                                    "dimg",
                                ),
                            },
                            from_item_id: 1009,
                            reference_count: 4,
                            to_item_id: [
                                1002,
                                1004,
                                1006,
                                1008,
                            ],
                        },
                    ],
                },
            ),
            iprp: Some(
                ItemPropertiesBox {
                    property_container: ItemPropertyContainerBox {
                        etyp: None,
                        brnd: [],
                        scrb: [],
                        boxes: [
                            UnknownBox {
                                header: BoxHeader {
                                    size: Short(
                                        120,
                                    ),
                                    box_type: FourCc(
                                        "hvcC",
                                    ),
                                },
                                data.len: 112,
                            },
                            UnknownBox {
                                header: BoxHeader {
                                    size: Short(
                                        20,
                                    ),
                                    box_type: FourCc(
                                        "ispe",
                                    ),
                                },
                                data.len: 12,
                            },
                            UnknownBox {
                                header: BoxHeader {
                                    size: Short(
                                        20,
                                    ),
                                    box_type: FourCc(
                                        "ispe",
                                    ),
                                },
                                data.len: 12,
                            },
                        ],
                    },
                    association: [
                        ItemPropertyAssociationBox {
                            full_header: FullBoxHeader {
                                version: 0,
                                flags: U24Be(
                                    0,
                                ),
                            },
                            entry_count: 5,
                            entries: [
                                ItemPropertyAssociationBoxEntry {
                                    item_id: 1002,
                                    association_count: 2,
                                    associations: [
                                        ItemPropertyAssociationBoxEntryAssociation {
                                            essential: true,
                                            property_index: 1,
                                        },
                                        ItemPropertyAssociationBoxEntryAssociation {
                                            essential: false,
                                            property_index: 2,
                                        },
                                    ],
                                },
                                ItemPropertyAssociationBoxEntry {
                                    item_id: 1004,
                                    association_count: 2,
                                    associations: [
                                        ItemPropertyAssociationBoxEntryAssociation {
                                            essential: true,
                                            property_index: 1,
                                        },
                                        ItemPropertyAssociationBoxEntryAssociation {
                                            essential: false,
                                            property_index: 2,
                                        },
                                    ],
                                },
                                ItemPropertyAssociationBoxEntry {
                                    item_id: 1006,
                                    association_count: 2,
                                    associations: [
                                        ItemPropertyAssociationBoxEntryAssociation {
                                            essential: true,
                                            property_index: 1,
                                        },
                                        ItemPropertyAssociationBoxEntryAssociation {
                                            essential: false,
                                            property_index: 2,
                                        },
                                    ],
                                },
                                ItemPropertyAssociationBoxEntry {
                                    item_id: 1008,
                                    association_count: 2,
                                    associations: [
                                        ItemPropertyAssociationBoxEntryAssociation {
                                            essential: true,
                                            property_index: 1,
                                        },
                                        ItemPropertyAssociationBoxEntryAssociation {
                                            essential: false,
                                            property_index: 2,
                                        },
                                    ],
                                },
                                ItemPropertyAssociationBoxEntry {
                                    item_id: 1009,
                                    association_count: 1,
                                    associations: [
                                        ItemPropertyAssociationBoxEntryAssociation {
                                            essential: false,
                                            property_index: 3,
                                        },
                                    ],
                                },
                            ],
                        },
                    ],
                },
            ),
            grpl: Some(
                GroupsListBox {
                    altr: [
                        AltrEntityToGroupBox {
                            full_header: FullBoxHeader {
                                version: 0,
                                flags: U24Be(
                                    0,
                                ),
                            },
                            entity_to_group: EntityToGroupBox {
                                group_id: 1010,
                                num_entities_in_group: 2,
                                entity_id: [
                                    1009,
                                    1002,
                                ],
                            },
                        },
                    ],
                    unknown_boxes: [],
                },
            ),
            unknown_boxes: [],
        },
    ),
    styp: [],
    sidx: [],
    ssix: [],
    prft: [],
    unknown_boxes: [],
    mfra: None,
}
