---
source: crates/isobmff/src/conformance_tests.rs
expression: redeserialized_file
snapshot_kind: text
---
IsobmffFile {
    ftyp: Some(
        FileTypeBox {
            major_brand: Brand::IsoM,
            minor_version: 1,
            compatible_brands: [
                Brand::IsoM,
            ],
        },
    ),
    etyp: [],
    otyp: [],
    pdin: None,
    moov: Some(
        MovieBox {
            mvhd: MovieHeaderBox {
                full_header: FullBoxHeader {
                    version: 0,
                    flags: U24Be(
                        0,
                    ),
                },
                creation_time: 3538947640,
                modification_time: 3538947640,
                timescale: 600,
                duration: 24000,
                rate: 1,
                volume: 1,
                reserved1: 0,
                reserved2: 0,
                matrix: [
                    65536,
                    0,
                    0,
                    0,
                    65536,
                    0,
                    0,
                    0,
                    1073741824,
                ],
                pre_defined: [
                    0,
                    0,
                    0,
                    0,
                    0,
                    0,
                ],
                next_track_id: 3,
            },
            meta: None,
            trak: [
                TrackBox {
                    tkhd: TrackHeaderBox {
                        version: 0,
                        flags: TrackHeaderBoxFlags(
                            TrackEnabled,
                        ),
                        creation_time: 3524646762,
                        modification_time: 3538947640,
                        track_id: 1,
                        reserved1: 0,
                        duration: 24000,
                        reserved2: 0,
                        layer: 0,
                        alternate_group: 0,
                        volume: 0,
                        reserved3: 0,
                        matrix: [
                            65536,
                            0,
                            0,
                            0,
                            65536,
                            0,
                            0,
                            0,
                            1073741824,
                        ],
                        width: 320,
                        height: 240,
                    },
                    tref: None,
                    trgr: None,
                    edts: None,
                    ttyp: None,
                    meta: None,
                    mdia: MediaBox {
                        mdhd: MediaHeaderBox {
                            full_header: FullBoxHeader {
                                version: 0,
                                flags: U24Be(
                                    0,
                                ),
                            },
                            creation_time: 3524646762,
                            modification_time: 3538947640,
                            timescale: 1000,
                            duration: 40000,
                            language: Langauge(
                                [
                                    21,
                                    14,
                                    4,
                                ],
                            ),
                            pre_defined: 0,
                        },
                        hdlr: HandlerBox {
                            full_header: FullBoxHeader {
                                version: 0,
                                flags: U24Be(
                                    0,
                                ),
                            },
                            pre_defined: 0,
                            handler_type: HandlerType::Text,
                            reserved: [
                                0,
                                0,
                                0,
                            ],
                            name: Utf8String(
                                "nhml@GPAC0.5.2-DEV-rev563-ge3b29f0-master",
                            ),
                        },
                        elng: None,
                        minf: MediaInformationBox {
                            vmhd: None,
                            smhd: None,
                            hmhd: None,
                            sthd: None,
                            vvhd: None,
                            unknown_boxes: [
                                UnknownBox {
                                    header: BoxHeader {
                                        size: Short(
                                            12,
                                        ),
                                        box_type: FourCc(
                                            "nmhd",
                                        ),
                                    },
                                    data.len: 4,
                                },
                            ],
                            dinf: DataInformationBox {
                                dref: DataReferenceBox {
                                    full_header: FullBoxHeader {
                                        version: 0,
                                        flags: U24Be(
                                            0,
                                        ),
                                    },
                                    entry_count: 1,
                                    url: [
                                        DataEntryUrlBox {
                                            full_header: FullBoxHeader {
                                                version: 0,
                                                flags: U24Be(
                                                    1,
                                                ),
                                            },
                                            location: None,
                                        },
                                    ],
                                    urn: [],
                                    imda: [],
                                    snim: [],
                                    unknown_boxes: [],
                                },
                            },
                            stbl: SampleTableBox {
                                stsd: SampleDescriptionBox {
                                    full_header: FullBoxHeader {
                                        version: 0,
                                        flags: U24Be(
                                            0,
                                        ),
                                    },
                                    entry_count: 1,
                                    boxes: [
                                        UnknownBox {
                                            header: BoxHeader {
                                                size: Short(
                                                    230,
                                                ),
                                                box_type: FourCc(
                                                    "stxt",
                                                ),
                                            },
                                            data.len: 222,
                                        },
                                    ],
                                },
                                stts: TimeToSampleBox {
                                    full_header: FullBoxHeader {
                                        version: 0,
                                        flags: U24Be(
                                            0,
                                        ),
                                    },
                                    entry_count: 1,
                                    entries: [
                                        TimeToSampleBoxEntry {
                                            sample_count: 4,
                                            sample_delta: 10000,
                                        },
                                    ],
                                },
                                ctts: None,
                                cslg: None,
                                stsc: SampleToChunkBox {
                                    full_header: FullBoxHeader {
                                        version: 0,
                                        flags: U24Be(
                                            0,
                                        ),
                                    },
                                    entry_count: 3,
                                    entries.len: 3,
                                },
                                stsz: Some(
                                    SampleSizeBox {
                                        full_header: FullBoxHeader {
                                            version: 0,
                                            flags: U24Be(
                                                0,
                                            ),
                                        },
                                        sample_size: 68,
                                        sample_count: 4,
                                        entry_size.len: 0,
                                    },
                                ),
                                stz2: None,
                                stco: Some(
                                    ChunkOffsetBox {
                                        full_header: FullBoxHeader {
                                            version: 0,
                                            flags: U24Be(
                                                0,
                                            ),
                                        },
                                        entry_count: 3,
                                        chunk_offset.len: 3,
                                    },
                                ),
                                co64: None,
                                stss: None,
                                stsh: None,
                                padb: None,
                                stdp: None,
                                sdtp: None,
                                sbgp: [],
                                sgpd: [],
                                subs: [],
                                saiz: [],
                                saio: [],
                                csgp: [],
                            },
                        },
                        unknown_boxes: [],
                    },
                    unknown_boxes: [],
                    udta: None,
                },
                TrackBox {
                    tkhd: TrackHeaderBox {
                        version: 0,
                        flags: TrackHeaderBoxFlags(
                            TrackEnabled,
                        ),
                        creation_time: 3525239834,
                        modification_time: 3538947640,
                        track_id: 2,
                        reserved1: 0,
                        duration: 24000,
                        reserved2: 0,
                        layer: 0,
                        alternate_group: 0,
                        volume: 0,
                        reserved3: 0,
                        matrix: [
                            65536,
                            0,
                            0,
                            0,
                            65536,
                            0,
                            0,
                            0,
                            1073741824,
                        ],
                        width: 320,
                        height: 240,
                    },
                    tref: None,
                    trgr: None,
                    edts: None,
                    ttyp: None,
                    meta: None,
                    mdia: MediaBox {
                        mdhd: MediaHeaderBox {
                            full_header: FullBoxHeader {
                                version: 0,
                                flags: U24Be(
                                    0,
                                ),
                            },
                            creation_time: 3525239834,
                            modification_time: 3538947640,
                            timescale: 1000,
                            duration: 40000,
                            language: Langauge(
                                [
                                    21,
                                    14,
                                    4,
                                ],
                            ),
                            pre_defined: 0,
                        },
                        hdlr: HandlerBox {
                            full_header: FullBoxHeader {
                                version: 0,
                                flags: U24Be(
                                    0,
                                ),
                            },
                            pre_defined: 0,
                            handler_type: HandlerType::Text,
                            reserved: [
                                0,
                                0,
                                0,
                            ],
                            name: Utf8String(
                                "nhml@GPAC0.5.2-DEV-rev566-g0d63e5f-vs12",
                            ),
                        },
                        elng: None,
                        minf: MediaInformationBox {
                            vmhd: None,
                            smhd: None,
                            hmhd: None,
                            sthd: None,
                            vvhd: None,
                            unknown_boxes: [
                                UnknownBox {
                                    header: BoxHeader {
                                        size: Short(
                                            12,
                                        ),
                                        box_type: FourCc(
                                            "nmhd",
                                        ),
                                    },
                                    data.len: 4,
                                },
                            ],
                            dinf: DataInformationBox {
                                dref: DataReferenceBox {
                                    full_header: FullBoxHeader {
                                        version: 0,
                                        flags: U24Be(
                                            0,
                                        ),
                                    },
                                    entry_count: 1,
                                    url: [
                                        DataEntryUrlBox {
                                            full_header: FullBoxHeader {
                                                version: 0,
                                                flags: U24Be(
                                                    1,
                                                ),
                                            },
                                            location: None,
                                        },
                                    ],
                                    urn: [],
                                    imda: [],
                                    snim: [],
                                    unknown_boxes: [],
                                },
                            },
                            stbl: SampleTableBox {
                                stsd: SampleDescriptionBox {
                                    full_header: FullBoxHeader {
                                        version: 0,
                                        flags: U24Be(
                                            0,
                                        ),
                                    },
                                    entry_count: 1,
                                    boxes: [
                                        UnknownBox {
                                            header: BoxHeader {
                                                size: Short(
                                                    31,
                                                ),
                                                box_type: FourCc(
                                                    "stxt",
                                                ),
                                            },
                                            data.len: 23,
                                        },
                                    ],
                                },
                                stts: TimeToSampleBox {
                                    full_header: FullBoxHeader {
                                        version: 0,
                                        flags: U24Be(
                                            0,
                                        ),
                                    },
                                    entry_count: 1,
                                    entries: [
                                        TimeToSampleBoxEntry {
                                            sample_count: 4,
                                            sample_delta: 10000,
                                        },
                                    ],
                                },
                                ctts: None,
                                cslg: None,
                                stsc: SampleToChunkBox {
                                    full_header: FullBoxHeader {
                                        version: 0,
                                        flags: U24Be(
                                            0,
                                        ),
                                    },
                                    entry_count: 3,
                                    entries.len: 3,
                                },
                                stsz: Some(
                                    SampleSizeBox {
                                        full_header: FullBoxHeader {
                                            version: 0,
                                            flags: U24Be(
                                                0,
                                            ),
                                        },
                                        sample_size: 0,
                                        sample_count: 4,
                                        entry_size.len: 4,
                                    },
                                ),
                                stz2: None,
                                stco: Some(
                                    ChunkOffsetBox {
                                        full_header: FullBoxHeader {
                                            version: 0,
                                            flags: U24Be(
                                                0,
                                            ),
                                        },
                                        entry_count: 3,
                                        chunk_offset.len: 3,
                                    },
                                ),
                                co64: None,
                                stss: None,
                                stsh: None,
                                padb: None,
                                stdp: None,
                                sdtp: None,
                                sbgp: [],
                                sgpd: [],
                                subs: [],
                                saiz: [],
                                saio: [],
                                csgp: [],
                            },
                        },
                        unknown_boxes: [],
                    },
                    unknown_boxes: [],
                    udta: None,
                },
            ],
            mvex: None,
            unknown_boxes: [
                UnknownBox {
                    header: BoxHeader {
                        size: Short(
                            21,
                        ),
                        box_type: FourCc(
                            "iods",
                        ),
                    },
                    data.len: 13,
                },
            ],
            udta: None,
        },
    ),
    moof: [],
    mdat: [
        MediaDataBox {
            data.len: 1046,
        },
    ],
    imda: [],
    meta: None,
    styp: [],
    sidx: [],
    ssix: [],
    prft: [],
    unknown_boxes: [
        UnknownBox {
            header: BoxHeader {
                size: Short(
                    75,
                ),
                box_type: FourCc(
                    "free",
                ),
            },
            data.len: 67,
        },
    ],
    mfra: None,
}
