---
source: crates/isobmff/src/file.rs
expression: og_file
snapshot_kind: text
---
IsobmffFile {
    ftyp: FileTypeBox {
        major_brand: Brand::IsoM,
        minor_version: 512,
        compatible_brands: [
            Brand::IsoM,
            Brand::Iso2,
            Brand::Avc1,
            Brand::Mp41,
        ],
    },
    etyp: [],
    otyp: [],
    pdin: None,
    moov: MovieBox {
        mvhd: MovieHeaderBox {
            full_header: FullBoxHeader {
                version: 0,
                flags: U24Be(
                    0,
                ),
            },
            creation_time: 0,
            modification_time: 0,
            timescale: 1000,
            duration: 1067,
            rate: 1,
            volume: 1,
            reserved1: 0,
            reserved2: 0,
            matrix: [
                65536,
                0,
                0,
                0,
                65536,
                0,
                0,
                0,
                1073741824,
            ],
            pre_defined: [
                0,
                0,
                0,
                0,
                0,
                0,
            ],
            next_track_id: 3,
        },
        meta: None,
        trak: [
            TrackBox {
                tkhd: TrackHeaderBox {
                    version: 0,
                    flags: TrackHeaderBoxFlags(
                        TrackEnabled | TrackInMovie,
                    ),
                    creation_time: 0,
                    modification_time: 0,
                    track_id: 1,
                    reserved1: 0,
                    duration: 1067,
                    reserved2: 0,
                    layer: 0,
                    alternate_group: 0,
                    volume: 0,
                    reserved3: 0,
                    matrix: [
                        65536,
                        0,
                        0,
                        0,
                        65536,
                        0,
                        0,
                        0,
                        1073741824,
                    ],
                    width: 3840,
                    height: 2160,
                },
                tref: None,
                trgr: None,
                edts: Some(
                    EditBox {
                        elst: Some(
                            EditListBox {
                                full_header: FullBoxHeader {
                                    version: 0,
                                    flags: U24Be(
                                        0,
                                    ),
                                },
                                entry_count: 1,
                                entries: [
                                    EditListBoxEntry {
                                        edit_duration: 1067,
                                        media_time: 512,
                                        media_rate: 1,
                                    },
                                ],
                            },
                        ),
                    },
                ),
                ttyp: None,
                meta: None,
                mdia: MediaBox {
                    mdhd: MediaHeaderBox {
                        full_header: FullBoxHeader {
                            version: 0,
                            flags: U24Be(
                                0,
                            ),
                        },
                        creation_time: 0,
                        modification_time: 0,
                        timescale: 15360,
                        duration: 16384,
                        language: Langauge(
                            [
                                21,
                                14,
                                4,
                            ],
                        ),
                        pre_defined: 0,
                    },
                    hdlr: HandlerBox {
                        full_header: FullBoxHeader {
                            version: 0,
                            flags: U24Be(
                                0,
                            ),
                        },
                        pre_defined: 0,
                        handler_type: HandlerType::Video,
                        reserved: [
                            0,
                            0,
                            0,
                        ],
                        name: Utf8String(
                            "GPAC ISO Video Handler",
                        ),
                    },
                    elng: None,
                    minf: MediaInformationBox {
                        vmhd: Some(
                            VideoMediaHeaderBox {
                                full_header: FullBoxHeader {
                                    version: 0,
                                    flags: U24Be(
                                        1,
                                    ),
                                },
                                graphicsmode: 0,
                                opcolor: [
                                    0,
                                    0,
                                    0,
                                ],
                            },
                        ),
                        smhd: None,
                        hmhd: None,
                        sthd: None,
                        vvhd: None,
                        unknown_boxes: [],
                        dinf: DataInformationBox {
                            dref: DataReferenceBox {
                                full_header: FullBoxHeader {
                                    version: 0,
                                    flags: U24Be(
                                        0,
                                    ),
                                },
                                entry_count: 1,
                                url: [
                                    DataEntryUrlBox {
                                        full_header: FullBoxHeader {
                                            version: 0,
                                            flags: U24Be(
                                                1,
                                            ),
                                        },
                                        location: None,
                                    },
                                ],
                                urn: [],
                                imda: [],
                                snim: [],
                                unknown_boxes: [],
                            },
                        },
                        stbl: SampleTableBox {
                            stsd: SampleDescriptionBox {
                                full_header: FullBoxHeader {
                                    version: 0,
                                    flags: U24Be(
                                        0,
                                    ),
                                },
                                entry_count: 1,
                                boxes: [
                                    UnknownBox {
                                        header: BoxHeader {
                                            size: Short(
                                                177,
                                            ),
                                            box_type: FourCc(
                                                "avc1",
                                            ),
                                        },
                                        data.len: 169,
                                    },
                                ],
                            },
                            stts: TimeToSampleBox {
                                full_header: FullBoxHeader {
                                    version: 0,
                                    flags: U24Be(
                                        0,
                                    ),
                                },
                                entry_count: 1,
                                entries: [
                                    TimeToSampleBoxEntry {
                                        sample_count: 64,
                                        sample_delta: 256,
                                    },
                                ],
                            },
                            ctts: Some(
                                CompositionOffsetBox {
                                    full_header: FullBoxHeader {
                                        version: 0,
                                        flags: U24Be(
                                            0,
                                        ),
                                    },
                                    entry_count: 60,
                                    entries.len: 60,
                                },
                            ),
                            cslg: None,
                            stsc: SampleToChunkBox {
                                full_header: FullBoxHeader {
                                    version: 0,
                                    flags: U24Be(
                                        0,
                                    ),
                                },
                                entry_count: 28,
                                entries.len: 28,
                            },
                            stsz: Some(
                                SampleSizeBox {
                                    full_header: FullBoxHeader {
                                        version: 0,
                                        flags: U24Be(
                                            0,
                                        ),
                                    },
                                    sample_size: 0,
                                    sample_count: 64,
                                    entry_size.len: 64,
                                },
                            ),
                            stz2: None,
                            stco: Some(
                                ChunkOffsetBox {
                                    full_header: FullBoxHeader {
                                        version: 0,
                                        flags: U24Be(
                                            0,
                                        ),
                                    },
                                    entry_count: 49,
                                    chunk_offset.len: 49,
                                },
                            ),
                            co64: None,
                            stss: Some(
                                SyncSampleBox {
                                    full_header: FullBoxHeader {
                                        version: 0,
                                        flags: U24Be(
                                            0,
                                        ),
                                    },
                                    entry_count: 3,
                                    sample_number: [
                                        1,
                                        31,
                                        61,
                                    ],
                                },
                            ),
                            stsh: None,
                            padb: None,
                            stdp: None,
                            sdtp: None,
                            sbgp: [],
                            sgpd: [],
                            subs: [],
                            saiz: [],
                            saio: [],
                            csgp: [],
                        },
                    },
                    unknown_boxes: [],
                },
                unknown_boxes: [],
                udta: None,
            },
            TrackBox {
                tkhd: TrackHeaderBox {
                    version: 0,
                    flags: TrackHeaderBoxFlags(
                        TrackEnabled | TrackInMovie,
                    ),
                    creation_time: 0,
                    modification_time: 0,
                    track_id: 2,
                    reserved1: 0,
                    duration: 1003,
                    reserved2: 0,
                    layer: 0,
                    alternate_group: 1,
                    volume: 1,
                    reserved3: 0,
                    matrix: [
                        65536,
                        0,
                        0,
                        0,
                        65536,
                        0,
                        0,
                        0,
                        1073741824,
                    ],
                    width: 0,
                    height: 0,
                },
                tref: None,
                trgr: None,
                edts: Some(
                    EditBox {
                        elst: Some(
                            EditListBox {
                                full_header: FullBoxHeader {
                                    version: 0,
                                    flags: U24Be(
                                        0,
                                    ),
                                },
                                entry_count: 1,
                                entries: [
                                    EditListBoxEntry {
                                        edit_duration: 1002,
                                        media_time: 1024,
                                        media_rate: 1,
                                    },
                                ],
                            },
                        ),
                    },
                ),
                ttyp: None,
                meta: None,
                mdia: MediaBox {
                    mdhd: MediaHeaderBox {
                        full_header: FullBoxHeader {
                            version: 0,
                            flags: U24Be(
                                0,
                            ),
                        },
                        creation_time: 0,
                        modification_time: 0,
                        timescale: 48000,
                        duration: 49152,
                        language: Langauge(
                            [
                                21,
                                14,
                                4,
                            ],
                        ),
                        pre_defined: 0,
                    },
                    hdlr: HandlerBox {
                        full_header: FullBoxHeader {
                            version: 0,
                            flags: U24Be(
                                0,
                            ),
                        },
                        pre_defined: 0,
                        handler_type: HandlerType::Audio,
                        reserved: [
                            0,
                            0,
                            0,
                        ],
                        name: Utf8String(
                            "GPAC ISO Audio Handler",
                        ),
                    },
                    elng: None,
                    minf: MediaInformationBox {
                        vmhd: None,
                        smhd: Some(
                            SoundMediaHeaderBox {
                                full_header: FullBoxHeader {
                                    version: 0,
                                    flags: U24Be(
                                        0,
                                    ),
                                },
                                balance: 0,
                                reserved: 0,
                            },
                        ),
                        hmhd: None,
                        sthd: None,
                        vvhd: None,
                        unknown_boxes: [],
                        dinf: DataInformationBox {
                            dref: DataReferenceBox {
                                full_header: FullBoxHeader {
                                    version: 0,
                                    flags: U24Be(
                                        0,
                                    ),
                                },
                                entry_count: 1,
                                url: [
                                    DataEntryUrlBox {
                                        full_header: FullBoxHeader {
                                            version: 0,
                                            flags: U24Be(
                                                1,
                                            ),
                                        },
                                        location: None,
                                    },
                                ],
                                urn: [],
                                imda: [],
                                snim: [],
                                unknown_boxes: [],
                            },
                        },
                        stbl: SampleTableBox {
                            stsd: SampleDescriptionBox {
                                full_header: FullBoxHeader {
                                    version: 0,
                                    flags: U24Be(
                                        0,
                                    ),
                                },
                                entry_count: 1,
                                boxes: [
                                    UnknownBox {
                                        header: BoxHeader {
                                            size: Short(
                                                110,
                                            ),
                                            box_type: FourCc(
                                                "mp4a",
                                            ),
                                        },
                                        data.len: 102,
                                    },
                                ],
                            },
                            stts: TimeToSampleBox {
                                full_header: FullBoxHeader {
                                    version: 0,
                                    flags: U24Be(
                                        0,
                                    ),
                                },
                                entry_count: 1,
                                entries: [
                                    TimeToSampleBoxEntry {
                                        sample_count: 48,
                                        sample_delta: 1024,
                                    },
                                ],
                            },
                            ctts: None,
                            cslg: None,
                            stsc: SampleToChunkBox {
                                full_header: FullBoxHeader {
                                    version: 0,
                                    flags: U24Be(
                                        0,
                                    ),
                                },
                                entry_count: 1,
                                entries.len: 1,
                            },
                            stsz: Some(
                                SampleSizeBox {
                                    full_header: FullBoxHeader {
                                        version: 0,
                                        flags: U24Be(
                                            0,
                                        ),
                                    },
                                    sample_size: 0,
                                    sample_count: 48,
                                    entry_size.len: 48,
                                },
                            ),
                            stz2: None,
                            stco: Some(
                                ChunkOffsetBox {
                                    full_header: FullBoxHeader {
                                        version: 0,
                                        flags: U24Be(
                                            0,
                                        ),
                                    },
                                    entry_count: 48,
                                    chunk_offset.len: 48,
                                },
                            ),
                            co64: None,
                            stss: None,
                            stsh: None,
                            padb: None,
                            stdp: None,
                            sdtp: None,
                            sbgp: [
                                SampleToGroupBox {
                                    full_header: FullBoxHeader {
                                        version: 0,
                                        flags: U24Be(
                                            0,
                                        ),
                                    },
                                    grouping_type: [
                                        114,
                                        111,
                                        108,
                                        108,
                                    ],
                                    grouping_type_parameter: None,
                                    entry_count: 1,
                                    entries: [
                                        SampleToGroupBoxEntry {
                                            sample_count: 48,
                                            group_description_index: 1,
                                        },
                                    ],
                                },
                            ],
                            sgpd: [
                                SampleGroupDescriptionBox {
                                    full_header: FullBoxHeader {
                                        version: 1,
                                        flags: U24Be(
                                            0,
                                        ),
                                    },
                                    grouping_type: [
                                        114,
                                        111,
                                        108,
                                        108,
                                    ],
                                    default_length: Some(
                                        2,
                                    ),
                                    default_group_description_index: None,
                                    entry_count: 1,
                                    entries: [
                                        SampleGroupDescriptionEntry {
                                            description_length: None,
                                            sample_group_description_entry: RollRecoveryEntry {
                                                roll_distance: -1,
                                            },
                                        },
                                    ],
                                },
                            ],
                            subs: [],
                            saiz: [],
                            saio: [],
                            csgp: [],
                        },
                    },
                    unknown_boxes: [],
                },
                unknown_boxes: [],
                udta: None,
            },
        ],
        mvex: None,
        unknown_boxes: [],
        udta: Some(
            UserDataBox {
                cprt: [],
                tsel: None,
                kind: [],
                strk: [],
                ludt: [],
                unknown_boxes: [
                    UnknownBox {
                        header: BoxHeader {
                            size: Short(
                                385,
                            ),
                            box_type: FourCc(
                                "meta",
                            ),
                        },
                        data.len: 377,
                    },
                ],
            },
        ),
    },
    moof: [],
    mdat: [
        MediaDataBox {
            data.len: 249997,
        },
    ],
    imda: [],
    meta: None,
    styp: [],
    sidx: [],
    ssix: [],
    prft: [],
    unknown_boxes: [
        UnknownBox {
            header: BoxHeader {
                size: Short(
                    8,
                ),
                box_type: FourCc(
                    "free",
                ),
            },
            data.len: 0,
        },
    ],
    mfra: None,
}
