---
source: crates/isobmff/src/conformance_tests.rs
expression: redeserialized_file
snapshot_kind: text
---
IsobmffFile {
    ftyp: Some(
        FileTypeBox {
            major_brand: Brand::Iso9,
            minor_version: 0,
            compatible_brands: [
                Brand::Iso9,
                Brand::Avc1,
                Brand([100, 97, 115, 104]),
                Brand([99, 108, 103, 49]),
            ],
        },
    ),
    etyp: [],
    otyp: [],
    pdin: None,
    moov: Some(
        MovieBox {
            mvhd: MovieHeaderBox {
                full_header: FullBoxHeader {
                    version: 0,
                    flags: U24Be(
                        0,
                    ),
                },
                creation_time: 3582711279,
                modification_time: 3582711279,
                timescale: 200,
                duration: 0,
                rate: 1,
                volume: 1,
                reserved1: 0,
                reserved2: 0,
                matrix: [
                    65536,
                    0,
                    0,
                    0,
                    65536,
                    0,
                    0,
                    0,
                    1073741824,
                ],
                pre_defined: [
                    0,
                    0,
                    0,
                    0,
                    0,
                    0,
                ],
                next_track_id: 2,
            },
            meta: None,
            trak: [
                TrackBox {
                    tkhd: TrackHeaderBox {
                        version: 0,
                        flags: TrackHeaderBoxFlags(
                            TrackEnabled | TrackInMovie | TrackInPreview,
                        ),
                        creation_time: 3582711279,
                        modification_time: 3582711279,
                        track_id: 1,
                        reserved1: 0,
                        duration: 0,
                        reserved2: 0,
                        layer: 0,
                        alternate_group: 0,
                        volume: 0,
                        reserved3: 0,
                        matrix: [
                            65536,
                            0,
                            0,
                            0,
                            65536,
                            0,
                            0,
                            0,
                            1073741824,
                        ],
                        width: 3840,
                        height: 2160,
                    },
                    tref: None,
                    trgr: None,
                    edts: None,
                    ttyp: None,
                    meta: None,
                    mdia: MediaBox {
                        mdhd: MediaHeaderBox {
                            full_header: FullBoxHeader {
                                version: 0,
                                flags: U24Be(
                                    0,
                                ),
                            },
                            creation_time: 3582711279,
                            modification_time: 3582711279,
                            timescale: 200,
                            duration: 0,
                            language: Langauge(
                                [
                                    21,
                                    14,
                                    4,
                                ],
                            ),
                            pre_defined: 0,
                        },
                        hdlr: HandlerBox {
                            full_header: FullBoxHeader {
                                version: 0,
                                flags: U24Be(
                                    0,
                                ),
                            },
                            pre_defined: 0,
                            handler_type: HandlerType::Video,
                            reserved: [
                                0,
                                0,
                                0,
                            ],
                            name: Utf8String(
                                "BBC Video",
                            ),
                        },
                        elng: None,
                        minf: MediaInformationBox {
                            vmhd: Some(
                                VideoMediaHeaderBox {
                                    full_header: FullBoxHeader {
                                        version: 0,
                                        flags: U24Be(
                                            1,
                                        ),
                                    },
                                    graphicsmode: 0,
                                    opcolor: [
                                        0,
                                        0,
                                        0,
                                    ],
                                },
                            ),
                            smhd: None,
                            hmhd: None,
                            sthd: None,
                            vvhd: None,
                            unknown_boxes: [],
                            dinf: DataInformationBox {
                                dref: DataReferenceBox {
                                    full_header: FullBoxHeader {
                                        version: 0,
                                        flags: U24Be(
                                            0,
                                        ),
                                    },
                                    entry_count: 1,
                                    url: [
                                        DataEntryUrlBox {
                                            full_header: FullBoxHeader {
                                                version: 0,
                                                flags: U24Be(
                                                    1,
                                                ),
                                            },
                                            location: None,
                                        },
                                    ],
                                    urn: [],
                                    imda: [],
                                    snim: [],
                                    unknown_boxes: [],
                                },
                            },
                            stbl: SampleTableBox {
                                stsd: SampleDescriptionBox {
                                    full_header: FullBoxHeader {
                                        version: 0,
                                        flags: U24Be(
                                            0,
                                        ),
                                    },
                                    entry_count: 1,
                                    boxes: [
                                        UnknownBox {
                                            header: BoxHeader {
                                                size: Short(
                                                    171,
                                                ),
                                                box_type: FourCc(
                                                    "hev1",
                                                ),
                                            },
                                            data.len: 163,
                                        },
                                    ],
                                },
                                stts: TimeToSampleBox {
                                    full_header: FullBoxHeader {
                                        version: 0,
                                        flags: U24Be(
                                            0,
                                        ),
                                    },
                                    entry_count: 0,
                                    entries: [],
                                },
                                ctts: None,
                                cslg: None,
                                stsc: SampleToChunkBox {
                                    full_header: FullBoxHeader {
                                        version: 0,
                                        flags: U24Be(
                                            0,
                                        ),
                                    },
                                    entry_count: 0,
                                    entries.len: 0,
                                },
                                stsz: Some(
                                    SampleSizeBox {
                                        full_header: FullBoxHeader {
                                            version: 0,
                                            flags: U24Be(
                                                0,
                                            ),
                                        },
                                        sample_size: 0,
                                        sample_count: 0,
                                        entry_size.len: 0,
                                    },
                                ),
                                stz2: None,
                                stco: Some(
                                    ChunkOffsetBox {
                                        full_header: FullBoxHeader {
                                            version: 0,
                                            flags: U24Be(
                                                0,
                                            ),
                                        },
                                        entry_count: 0,
                                        chunk_offset.len: 0,
                                    },
                                ),
                                co64: None,
                                stss: Some(
                                    SyncSampleBox {
                                        full_header: FullBoxHeader {
                                            version: 0,
                                            flags: U24Be(
                                                0,
                                            ),
                                        },
                                        entry_count: 0,
                                        sample_number: [],
                                    },
                                ),
                                stsh: None,
                                padb: None,
                                stdp: None,
                                sdtp: None,
                                sbgp: [],
                                sgpd: [],
                                subs: [],
                                saiz: [],
                                saio: [],
                                csgp: [],
                            },
                        },
                        unknown_boxes: [],
                    },
                    unknown_boxes: [],
                    udta: Some(
                        UserDataBox {
                            cprt: [],
                            tsel: None,
                            kind: [
                                KindBox {
                                    full_header: FullBoxHeader {
                                        version: 0,
                                        flags: U24Be(
                                            0,
                                        ),
                                    },
                                    scheme_uri: Utf8String(
                                        "urn:mpeg:dash:role:2011",
                                    ),
                                    value: Utf8String(
                                        "main",
                                    ),
                                },
                            ],
                            strk: [],
                            ludt: [],
                            unknown_boxes: [],
                        },
                    ),
                },
            ],
            mvex: Some(
                MovieExtendsBox {
                    mehd: None,
                    trex: [
                        TrackExtendsBox {
                            full_header: FullBoxHeader {
                                version: 0,
                                flags: U24Be(
                                    0,
                                ),
                            },
                            track_id: 1,
                            default_sample_description_index: 1,
                            default_sample_duration: 0,
                            default_sample_size: 0,
                            default_sample_flags: SampleFlags {
                                reserved: 0,
                                is_leading: 0,
                                sample_depends_on: 0,
                                sample_is_depended_on: 0,
                                sample_has_redundancy: 0,
                                sample_padding_value: 0,
                                sample_is_non_sync_sample: false,
                                sample_degradation_priority: 0,
                            },
                        },
                    ],
                    leva: None,
                },
            ),
            unknown_boxes: [],
            udta: None,
        },
    ),
    moof: [],
    mdat: [],
    imda: [],
    meta: None,
    styp: [],
    sidx: [],
    ssix: [],
    prft: [],
    unknown_boxes: [],
    mfra: None,
}
