---
source: crates/ffmpeg/src/io/output.rs
expression: get_boxes!(output)
snapshot_kind: text
---
[
    UnknownBox {
        header: BoxHeader {
            size: Short(
                32,
            ),
            box_type: FourCc(
                "ftyp",
            ),
        },
        data.len: 40,
    },
]
