---
source: crates/tinc/build/src/codegen/cel/functions/bytes.rs
expression: "postcompile::compile_str!(postcompile::config!\n{\n    test: true, dependencies:\n    vec![postcompile::Dependency::version(\"tinc\", \"*\"),],\n}, quote!\n{\n    fn to_bytes(input: &str) -> Result<::tinc::__private::cel::CelValue<'_>,\n    ::tinc::__private::cel::CelError<'_>> { Ok(#output) } #[test] fn\n    test_to_bytes()\n    {\n        assert_eq!(to_bytes(\"some string\").unwrap(),\n        ::tinc::__private::cel::CelValueConv::conv(b\"some string\"));\n    }\n},)"
---
exit status: 0
--- test_stdout
running 1 test
.
test result: ok. 1 passed; 0 failed; 0 ignored; 0 measured; 0 filtered out; finished in [ELAPSED]s
--- expanded
#![feature(prelude_import)]
#[macro_use]
extern crate std;
#[prelude_import]
use std::prelude::rust_2024::*;
fn to_bytes(
    input: &str,
) -> Result<::tinc::__private::cel::CelValue<'_>, ::tinc::__private::cel::CelError<'_>> {
    Ok(
        ::tinc::__private::cel::CelValue::cel_to_bytes(
            ::tinc::__private::cel::CelValueConv::conv(input),
        )?,
    )
}
