---
source: crates/tinc/build/src/codegen/cel/functions/contains.rs
expression: "postcompile::compile_str!(postcompile::config!\n{\n    test: true, dependencies:\n    vec![postcompile::Dependency::version(\"tinc\", \"*\"),],\n}, quote!\n{\n    fn contains(input: &String) -> Result<bool,\n    ::tinc::__private::cel::CelError<'_>> { Ok(#output) } #[test] fn\n    test_contains()\n    {\n        assert_eq!(contains(&\"in2dastring\".into()).unwrap(), true);\n        assert_eq!(contains(&\"in3dastring\".into()).unwrap(), false);\n    }\n},)"
---
exit status: 0
--- test_stdout
running 1 test
.
test result: ok. 1 passed; 0 failed; 0 ignored; 0 measured; 0 filtered out; finished in [ELAPSED]s
--- expanded
#![feature(prelude_import)]
#[prelude_import]
use std::prelude::rust_2024::*;
#[macro_use]
extern crate std;
fn contains(input: &String) -> Result<bool, ::tinc::__private::cel::CelError<'_>> {
    Ok(
        ::tinc::__private::cel::CelValue::cel_contains(
            ::tinc::__private::cel::CelValueConv::conv(input),
            ::tinc::__private::cel::CelValue::String(
                ::tinc::__private::cel::CelString::Borrowed("2"),
            ),
        )?,
    )
}
