---
source: crates/tinc/build/src/codegen/cel/functions/is_nan.rs
expression: "postcompile::compile_str!(postcompile::config!\n{\n    test: true, dependencies:\n    vec![postcompile::Dependency::path(\"tinc\", \"..\"),],\n}, quote::quote!\n{\n    fn is_nan(input: f64) -> Result<bool,\n    ::tinc::__private::cel::CelError<'static>> { Ok(#output) } #[test] fn\n    test_is_nan()\n    {\n        assert_eq!(is_nan(f64::NAN).unwrap(), true);\n        assert_eq!(is_nan(2.0).unwrap(), false);\n    }\n},)"
---
exit status: 0
--- test_stdout
running 1 test
.
test result: ok. 1 passed; 0 failed; 0 ignored; 0 measured; 0 filtered out; finished in [ELAPSED]s
--- expanded
#![feature(prelude_import)]
#[prelude_import]
use std::prelude::rust_2024::*;
#[macro_use]
extern crate std;
fn is_nan(input: f64) -> Result<bool, ::tinc::__private::cel::CelError<'static>> {
    Ok({
        ::tinc::__private::cel::CelValue::cel_is_nan(
            ::tinc::__private::cel::CelValueConv::conv(input),
        )?
    })
}
